App.tsx(191,33): error TS2339: Property 'profile' does not exist on type 'unknown'.
App.tsx(192,60): error TS2339: Property 'profile' does not exist on type 'unknown'.
App.tsx(195,61): error TS2339: Property 'profile' does not exist on type 'unknown'.
App.tsx(196,71): error TS2339: Property 'profile' does not exist on type 'unknown'.
App.tsx(197,69): error TS2339: Property 'badges' does not exist on type 'unknown'.
components/ExportPdf.tsx(29,67): error TS2339: Property 'dayNumber' does not exist on type 'unknown'.
components/ExportPdf.tsx(29,81): error TS2339: Property 'dayNumber' does not exist on type 'unknown'.
components/ExportPdf.tsx(30,51): error TS2339: Property 'fasted' does not exist on type 'unknown'.
components/ExportPdf.tsx(31,65): error TS2339: Property 'quranPages' does not exist on type 'unknown'.
components/ExportPdf.tsx(68,71): error TS2339: Property 'dayNumber' does not exist on type 'unknown'.
components/ExportPdf.tsx(69,52): error TS2339: Property 'fasted' does not exist on type 'unknown'.
components/ExportPdf.tsx(69,88): error TS2339: Property 'fasted' does not exist on type 'unknown'.
components/ExportPdf.tsx(70,66): error TS2339: Property 'prayers' does not exist on type 'unknown'.
components/ExportPdf.tsx(71,52): error TS2339: Property 'quranPages' does not exist on type 'unknown'.
components/ExportPdf.tsx(72,72): error TS2339: Property 'goodDeed' does not exist on type 'unknown'.
